[superdesigner.co/resources/css-shapes.html]
[backblue.gif]
[fade.gif]
[index.html]
[superdesigner.co/og/og_css_shapes.png]
[superdesigner.co/favicon/apple-icon-57x57.png]
[superdesigner.co/favicon/apple-icon-60x60.png]
[superdesigner.co/favicon/apple-icon-72x72.png]
[superdesigner.co/favicon/apple-icon-76x76.png]
[superdesigner.co/favicon/apple-icon-114x114.png]
[superdesigner.co/favicon/apple-icon-120x120.png]
[superdesigner.co/favicon/apple-icon-144x144.png]
[superdesigner.co/favicon/apple-icon-152x152.png]
[superdesigner.co/favicon/apple-icon-180x180.png]
[superdesigner.co/favicon/android-icon-192x192.png]
[superdesigner.co/favicon/favicon-32x32.png]
[superdesigner.co/favicon/favicon-96x96.png]
[superdesigner.co/favicon/favicon-16x16.png]
[superdesigner.co/_next/static/css/4b9c38b43d6be2d5.css]
[superdesigner.co/_next/static/chunks/polyfills-5cd94c89d3acac5f.js]
[superdesigner.co/_next/static/chunks/webpack-3c67ae7a563786aa.js]
[superdesigner.co/_next/static/chunks/framework-ca097c935992717b.js]
[superdesigner.co/_next/static/chunks/main-94d0446a812ed4da.js]
[superdesigner.co/_next/static/chunks/pages/_app-3e762dadf25cbafb.js]
[superdesigner.co/_next/static/chunks/1664-ab0c95d8d8af460c.js]
[superdesigner.co/_next/static/chunks/pages/resources/css-shapes-96b60a271939c1bd.js]
[superdesigner.co/_next/static/aTHEUmMSMcByiCwKDLTlD/_buildManifest.js]
[superdesigner.co/_next/static/aTHEUmMSMcByiCwKDLTlD/_ssgManifest.js]
[superdesigner.co/_next/static/aTHEUmMSMcByiCwKDLTlD/_middlewareManifest.js]
[superdesigner.co/img/mesh_gradient_bg.png]
[superdesigner.co/img/unicorn-icons.png]
[superdesigner.co/img/ikit.png]
[superdesigner.co/img/css-shape.png]
[superdesigner.co/img/svg_backgrounds.png]
[superdesigner.co/img/3d_shapes.png]
[superdesigner.co/img/bg.png]
[superdesigner.co/img/pattern.png]
[superdesigner.co/img/blob.png]
[superdesigner.co/img/grad.png]
[superdesigner.co/img/color.png]
[superdesigner.co/img/shades.png]
[superdesigner.co/img/css_bg.png]
[superdesigner.co/img/css_pattern.png]
[superdesigner.co/resources/_https_/cdn.pixabay.com/photo/2021/04/06/11/22/hawa-mahal-6156123_1280.28.delayed]
[superdesigner.co/avatar.jpg]
[superdesigner.co/resources/css-shapes.html]
[superdesigner.co/_next/static/css/4b9c38b43d6be2d5.css]
[superdesigner.co/resources/_https_/cdn.pixabay.com/photo/2021/04/06/11/22/hawa-mahal-6156123_1280.html]
[cdn.carbonads.com/carbon1e43.js]
